[INFO] Scanning for projects...
[INFO] 
[INFO] ---------------------< com.vms:vendor-management >----------------------
[INFO] Building vendor-management 1.0
[INFO]   from pom.xml
[INFO] --------------------------------[ jar ]---------------------------------
[INFO] 
[INFO] --- resources:3.3.1:resources (default-resources) @ vendor-management ---
[INFO] Copying 3 resources from src\main\resources to target\classes
[INFO] Copying 9 resources from src\main\resources to target\classes
[INFO] 
[INFO] --- compiler:3.11.0:compile (default-compile) @ vendor-management ---
[INFO] Nothing to compile - all classes are up to date
[INFO] ------------------------------------------------------------------------
[INFO] BUILD SUCCESS
[INFO] ------------------------------------------------------------------------
[INFO] Total time:  1.405 s
[INFO] Finished at: 2026-03-23T11:50:32+05:30
[INFO] ------------------------------------------------------------------------
