[INFO] Scanning for projects...
[INFO] 
[INFO] ---------------------< com.vms:vendor-management >----------------------
[INFO] Building vendor-management 1.0
[INFO]   from pom.xml
[INFO] --------------------------------[ jar ]---------------------------------
[INFO] 
[INFO] --- resources:3.3.1:resources (default-resources) @ vendor-management ---
[INFO] Copying 3 resources from src\main\resources to target\classes
[INFO] Copying 1 resource from src\main\resources to target\classes
[INFO] 
[INFO] --- compiler:3.11.0:compile (default-compile) @ vendor-management ---
[INFO] Changes detected - recompiling the module! :source
[INFO] Compiling 55 source files with javac [debug release 17] to target\classes
[INFO] -------------------------------------------------------------
[ERROR] COMPILATION ERROR : 
[INFO] -------------------------------------------------------------
[ERROR] /C:/Users/Stalin rao/OneDrive/Documents/vendor-management/backend/src/main/java/com/vms/vendor_management/security/SecurityConfig.java:[34,48] cannot find symbol
  symbol:   variable HttpServletResponse
  location: class com.vms.vendor_management.security.SecurityConfig
[INFO] 1 error
[INFO] -------------------------------------------------------------
[INFO] ------------------------------------------------------------------------
[INFO] BUILD FAILURE
[INFO] ------------------------------------------------------------------------
[INFO] Total time:  4.810 s
[INFO] Finished at: 2026-03-23T14:51:05+05:30
[INFO] ------------------------------------------------------------------------
[ERROR] Failed to execute goal org.apache.maven.plugins:maven-compiler-plugin:3.11.0:compile (default-compile) on project vendor-management: Compilation failure
[ERROR] /C:/Users/Stalin rao/OneDrive/Documents/vendor-management/backend/src/main/java/com/vms/vendor_management/security/SecurityConfig.java:[34,48] cannot find symbol
[ERROR]   symbol:   variable HttpServletResponse
[ERROR]   location: class com.vms.vendor_management.security.SecurityConfig
[ERROR] 
[ERROR] -> [Help 1]
[ERROR] 
[ERROR] To see the full stack trace of the errors, re-run Maven with the -e switch.
[ERROR] Re-run Maven using the -X switch to enable full debug logging.
[ERROR] 
[ERROR] For more information about the errors and possible solutions, please read the following articles:
[ERROR] [Help 1] http://cwiki.apache.org/confluence/display/MAVEN/MojoFailureException
